<html>
	<head>
	<style>
	body {background-color: gainsboro;}
	h1 {color: navy;}
	h2 {color: red;}
		<title>System Information Report For DELL-Laptop </title>
	</style>
	</head>
	<body>
		<h1>System Information Report For DELL-Laptop</h1>
		<p>Generated 10/29/2021 01:24:01 PM EDT, by bmclay</p>
		<h2>System Uptime</h2>
<pre> 13:24:01 up 158 days,  5:14,  1 user,  load average: 0.47, 0.63, 1.12</pre>
		<h2>Disk Space Utilization</h2>
<pre>Filesystem      Size  Used Avail Use% Mounted on
devtmpfs        2.8G     0  2.8G   0% /dev
tmpfs           2.8G   36M  2.8G   2% /dev/shm
tmpfs           1.2G  1.8M  1.2G   1% /run
/dev/sda6        77G   33G   42G  45% /
tmpfs           2.8G  1.4M  2.8G   1% /tmp
tmpfs           574M  456K  573M   1% /run/user/1000</pre>
		<h2>Memory Utilization</h2>
<pre>              total        used        free      shared  buff/cache   available
Mem:          5.6Gi       2.1Gi       1.5Gi       158Mi       2.0Gi       3.0Gi
Swap:         4.7Gi       1.1Gi       3.6Gi</pre>
		<h2> Home Space Utilization (bmclay)</h2>
<pre>662M	/home/bmclay</pre>
		<h2>Login actions since yesterday</h2>
<pre>-- Logs begin at Fri 2020-05-08 17:37:57 EDT, end at Fri 2021-10-29 13:24:01 EDT. --
Oct 29 12:59:02 DELL-Laptop systemd-logind[759]: Lid opened.
Oct 29 12:59:09 DELL-Laptop systemd-logind[759]: Operation 'sleep' finished.</pre>
	</body>
</html>
